<html>
<body>
<pre>
<h1>µVision Build Log</h1>
<h2>Tool Versions:</h2>
IDE-Version: µVision V5.41.0.0
Copyright (C) 2024 ARM Ltd and ARM Germany GmbH. All rights reserved.
License Information: Anh DANG, LUXHOVO, LIC=CZLZX-H9C0I-636MB-2W59A-ASN4M-Q2Y9W
 
Tool Versions:
Toolchain:       MDK-ARM Plus  Version: 5.41.0.0
Toolchain Path:  C:\Users\mediv\AppData\Local\Keil_v5\ARM\ARMCC\Bin
C Compiler:      Armcc.exe V5.06 update 6 (build 750)
Assembler:       Armasm.exe V5.06 update 6 (build 750)
Linker/Locator:  ArmLink.exe V5.06 update 6 (build 750)
Library Manager: ArmAr.exe V5.06 update 6 (build 750)
Hex Converter:   FromElf.exe V5.06 update 6 (build 750)
CPU DLL:         SARMCM3.DLL V5.41.0.0
Dialog DLL:      DCM.DLL V1.17.5.0
Target DLL:      STLink\ST-LINKIII-KEIL_SWO.dll V3.3.0.0
Dialog DLL:      TCM.DLL V1.56.4.0
 
<h2>Project:</h2>
F:\RITAVO\developPCB\template_example\Template_STM32\template.uvprojx
Project File Date:  11/05/2024

<h2>Output:</h2>
*** Using Compiler 'V5.06 update 6 (build 750)', folder: 'C:\Users\mediv\AppData\Local\Keil_v5\ARM\ARMCC\Bin'
Build target 'OVEN_PROJECT'
assembling startup_stm32f40xx.s...
compiling system_stm32f4xx.c...
compiling misc.c...
compiling main.c...
compiling stm32f4xx_it.c...
compiling stm32f4xx_usart.c...
compiling utils.c...
src\utils.c(465): warning:  #550-D: variable "sign"  was set but never used
  	bool sign = false; //possitive
src\utils.c: 1 warning, 0 errors
compiling stm32f4xx_i2c.c...
compiling Oven_Timer.c...
fileTV\Oven_Timer\Oven_Timer.c(22): warning:  #1-D: last line of file ends without a newline
  	
fileTV\Oven_Timer\Oven_Timer.c: 1 warning, 0 errors
compiling stm32f4xx_gpio.c...
compiling stm32f4xx_dma.c...
compiling stm32f4xx_rcc.c...
compiling stm32f4xx_can.c...
compiling stm32f4xx_tim.c...
linking...
Program Size: Code=1156 RO-data=408 RW-data=0 ZI-data=1632  
".\Objects\template.axf" - 0 Error(s), 2 Warning(s).

<h2>Software Packages used:</h2>

Package Vendor: Keil
                https://www.keil.com/pack/Keil.STM32F4xx_DFP.3.0.0.pack
                Keil::STM32F4xx_DFP@3.0.0
                STMicroelectronics STM32F4 Series Device Support

<h2>Collection of Component include folders:</h2>

<h2>Collection of Component Files used:</h2>
Build Time Elapsed:  00:00:02
</pre>
</body>
</html>
